Turbo Assembler	 Version 4.1	    03/17/26 21:03:15	    Page 1
hack.asm



      1	0000			     .model tiny
      2	0000			     .code
      3				     org 100h
      4
      5	      =B800		     VIDEOSEG	     equ 0b800h
      6	      =0082		     INP_ADDR	     equ 82h
      7	      =0080		     INP_LEN_ADDR    equ 80h
      8	      =00A0		     MAX_BUF_LEN     equ 0A0h
      9
     10
     11	0100			     start:
     12	0100			     .data
     13	0000			     BUF_SET_UP:
     14	0000  A0			 max_len     db	MAX_BUF_LEN
     15	0001  00			 strlen	     db	0
     16	0002  A0*(00)			 buffer	     db	MAX_BUF_LEN dup(0)
     17
     18	00A2			     .code
     19	0100  BA 0000r			 mov dx, offset	max_len
     20	0103  B4 0A			 mov ah, 0ah
     21	0105  CD 21			 int 21h
     22
     23	0107  50 55 8B EC C7 46	02+	 push VIDEOSEG
     24	      B800 5D
     25	0111  07			 pop es
     26
     27	0112  E8 000B			 call HashFunc
     28	0115  B4 70			 mov ah, 70h
     29	0117  26: A3 0000		 mov es:[00], ax
     30
     31				     ;	  mov dx, offset buffer
     32				     ;	  mov ah, 09h
     33				     ;	  int 21h
     34
     35	011B  B8 4C00			 mov ax, 4c00h
     36	011E  CD 21			 int 21h
     37
     38				     ;_____________________________________________________;
     39
     40				     ;__HASHFUNC__
     41				     ;Gets the string from the input and returns its value
     42				     ;Entry:
     43				     ;Exit: AX
     44				     ;Destr: BX, CX, DX, DI
     45				     ;_____________________________________________________;
     46	0120			     HashFunc	 proc
     47	0120  8A 0E 0001r		 mov cl, strlen
     48
     49	0124			     hash_sentence:
     50	0124  8B F9			 mov di, cx
     51	0126  4F			 dec di
     52	0127  8A 9D 0002r		 mov bl, buffer[di]
     53
     54	012B  03 C3			 add ax, bx
     55
     56	012D  33 D2			 xor dx, dx
     57	012F  BB 0100			 mov bx, 100h
Turbo Assembler	 Version 4.1	    03/17/26 21:03:15	    Page 2
hack.asm



     58	0132  F7 F3			 div bx
     59	0134  8B C2			 mov ax, dx			 ;ax +=	bx^2 (mod 100h)
     60
     61	0136  E2 EC			 loop hash_sentence
     62
     63	0138  C3			 ret
     64	0139				 endp
     65				     ;_____________________________________________________;
     66
     67				     end	 Start
Turbo Assembler	 Version 4.1	    03/17/26 21:03:15	    Page 3
Symbol Table




Symbol Name			  Type	 Value

??DATE				  Text	 "03/17/26"
??FILENAME			  Text	 "hack	  "
??TIME				  Text	 "21:03:15"
??VERSION			  Number 040A
@32BIT				  Text	 0
@CODE				  Text	 DGROUP
@CODESIZE			  Text	 0
@CPU				  Text	 0101H
@CURSEG				  Text	 _TEXT
@DATA				  Text	 DGROUP
@DATASIZE			  Text	 0
@FILENAME			  Text	 HACK
@INTERFACE			  Text	 000H
@MODEL				  Text	 1
@STACK				  Text	 DGROUP
@WORDSIZE			  Text	 2
BUFFER				  Byte	 DGROUP:0002
BUF_SET_UP			  Near	 DGROUP:0000
HASHFUNC			  Near	 DGROUP:0120
HASH_SENTENCE			  Near	 DGROUP:0124
INP_ADDR			  Number 0082
INP_LEN_ADDR			  Number 0080
MAX_BUF_LEN			  Number 00A0
MAX_LEN				  Byte	 DGROUP:0000
START				  Near	 DGROUP:0100
STRLEN				  Byte	 DGROUP:0001
VIDEOSEG			  Number B800

Groups & Segments		  Bit Size Align  Combine Class

DGROUP				  Group
  _DATA				  16  00A2 Word	  Public  DATA
  _TEXT				  16  0139 Word	  Public  CODE
